// Jest Snapshot v1, https://goo.gl/fbAQLP

exports[`Text Component gets context (state) 1`] = `
Object {
  "$$typeof": Symbol(react.context),
  "Consumer": Object {
    "$$typeof": Symbol(react.context),
    "_calculateChangedBits": null,
    "_context": [Circular],
  },
  "Provider": Object {
    "$$typeof": Symbol(react.provider),
    "_context": [Circular],
  },
  "_calculateChangedBits": null,
  "_currentRenderer": null,
  "_currentRenderer2": null,
  "_currentValue": undefined,
  "_currentValue2": undefined,
  "_threadCount": 0,
}
`;

exports[`Text Component if state is rolling set to true renders a disabled component 1`] = `
<button
  className="button-1"
  onClick={[Function]}
>
  test
</button>
`;

exports[`Text Component invalid or missing props renders even if no props loaded from context 1`] = `
<button
  className="button-1"
  onClick={[Function]}
>
  test
</button>
`;

exports[`Text Component invalid or missing props renders with "Unknown" if name props is not provided 1`] = `[Function]`;

exports[`Text Component renders a component 1`] = `
<button
  className="button-1"
  onClick={[Function]}
>
  test
</button>
`;
